PS C:\Users\muras> cd Desktop
PS C:\Users\muras\Desktop> mkdir git_challenge    


    ディレクトリ: C:\Users\muras\Desktop


Mode                 LastWriteTime         Length Name
----                 -------------         ------ ----
d-----        2024/10/17     14:08                git_challenge


PS C:\Users\muras\Desktop> cd git_challenge
PS C:\Users\muras\Desktop\git_challenge> git init
Initialized empty Git repository in C:/Users/muras/Desktop/git_challenge/.git/
PS C:\Users\muras\Desktop\git_challenge> git add hello_world.txt       
PS C:\Users\muras\Desktop\git_challenge> git commit -m "hello_world.txtを追加"
[main (root-commit) a38493b] hello_world.txtを追加
 1 file changed, 1 insertion(+)
 create mode 100644 hello_world.txt
PS C:\Users\muras\Desktop\git_challenge> git add hello_world.txt
PS C:\Users\muras\Desktop\git_challenge> git commit -m "日本語訳を追記"
[main bd7a3cb] 日本語訳を追記
 1 file changed, 1 insertion(+)
PS C:\Users\muras\Desktop\git_challenge> git log --oneline
bd7a3cb (HEAD -> main) 日本語訳を追記
a38493b hello_world.txtを追加